tharines-MacBook-Air:Desktop meerabhardwaj$ cd DojoAssignments/
Katharines-MacBook-Air:DojoAssignments meerabhardwaj$ ls
MEAN		Ruby		assignments.txt	netCore
Python		WebFundamentals	iOS
Katharines-MacBook-Air:DojoAssignments meerabhardwaj$ cd WebFundamentals/
Katharines-MacBook-Air:WebFundamentals meerabhardwaj$ ls
CSS		HTML		Terminal
Git		Javascript	about.txt
Katharines-MacBook-Air:WebFundamentals meerabhardwaj$ cd Git/
Katharines-MacBook-Air:Git meerabhardwaj$ ls
about.txt
Katharines-MacBook-Air:Git meerabhardwaj$ mkdir new_project
Katharines-MacBook-Air:Git meerabhardwaj$ cd new_project/
Katharines-MacBook-Air:new_project meerabhardwaj$ git init
Initialized empty Git repository in /Users/meerabhardwaj/Desktop/DojoAssignments/WebFundamentals/Git/new_project/.git/
Katharines-MacBook-Air:new_project meerabhardwaj$ touch aboutMe.txt
Katharines-MacBook-Air:new_project meerabhardwaj$ open aboutMe.txt 
Katharines-MacBook-Air:new_project meerabhardwaj$ git status
On branch master

Initial commit

Untracked files:
  (use "git add <file>..." to include in what will be committed)

	aboutMe.txt

nothing added to commit but untracked files present (use "git add" to track)
Katharines-MacBook-Air:new_project meerabhardwaj$ git add aboutMe.txt 
Katharines-MacBook-Air:new_project meerabhardwaj$ git commit -m "aboutMe.txt added"
[master (root-commit) 1473255] aboutMe.txt added
 1 file changed, 3 insertions(+)
 create mode 100644 aboutMe.txt
Katharines-MacBook-Air:new_project meerabhardwaj$ git log
commit 1473255992091088562305ca2f09df98216af94c
Author: Meera Bhardwaj <meerabhardwaj@gmail.com>
Date:   Mon Apr 17 14:05:59 2017 -0700

    aboutMe.txt added
Katharines-MacBook-Air:new_project meerabhardwaj$ git status
On branch master
nothing to commit, working directory clean
Katharines-MacBook-Air:new_project meerabhardwaj$ open aboutMe.txt 
Katharines-MacBook-Air:new_project meerabhardwaj$ git status
On branch master
Changes not staged for commit:
  (use "git add <file>..." to update what will be committed)
  (use "git checkout -- <file>..." to discard changes in working directory)

	modified:   aboutMe.txt

no changes added to commit (use "git add" and/or "git commit -a")
Katharines-MacBook-Air:new_project meerabhardwaj$ git add aboutMe.txt 
Katharines-MacBook-Air:new_project meerabhardwaj$ git status
On branch master
Changes to be committed:
  (use "git reset HEAD <file>..." to unstage)

	modified:   aboutMe.txt

Katharines-MacBook-Air:new_project meerabhardwaj$ git commit -me "added my favorite quote"
error: pathspec 'added my favorite quote' did not match any file(s) known to git.
Katharines-MacBook-Air:new_project meerabhardwaj$ git log
commit 1473255992091088562305ca2f09df98216af94c
Author: Meera Bhardwaj <meerabhardwaj@gmail.com>
Date:   Mon Apr 17 14:05:59 2017 -0700

    aboutMe.txt added
Katharines-MacBook-Air:new_project meerabhardwaj$ git commit -m "added my favorite quote"
[master 3705c61] added my favorite quote
 1 file changed, 2 insertions(+), 1 deletion(-)
Katharines-MacBook-Air:new_project meerabhardwaj$ git log
commit 3705c619730052f9ba5632ed9f71b327cd377e69
Author: Meera Bhardwaj <meerabhardwaj@gmail.com>
Date:   Mon Apr 17 14:13:37 2017 -0700

    added my favorite quote

commit 1473255992091088562305ca2f09df98216af94c
Author: Meera Bhardwaj <meerabhardwaj@gmail.com>
Date:   Mon Apr 17 14:05:59 2017 -0700

    aboutMe.txt added
Katharines-MacBook-Air:new_project meerabhardwaj$ git diff --stat
Katharines-MacBook-Air:new_project meerabhardwaj$ git diff --stat 3705c619730052f9ba5632ed9f71b327cd377e69
Katharines-MacBook-Air:new_project meerabhardwaj$ touch readme.txt
Katharines-MacBook-Air:new_project meerabhardwaj$ vi readme.txt 
Katharines-MacBook-Air:new_project meerabhardwaj$ git status
On branch master
Untracked files:
  (use "git add <file>..." to include in what will be committed)

	readme.txt

nothing added to commit but untracked files present (use "git add" to track)
Katharines-MacBook-Air:new_project meerabhardwaj$ git add .
Katharines-MacBook-Air:new_project meerabhardwaj$ git status
On branch master
Changes to be committed:
  (use "git reset HEAD <file>..." to unstage)

	new file:   readme.txt

Katharines-MacBook-Air:new_project meerabhardwaj$ git commit -m "added and modified readme.txt"
[master 329bdcd] added and modified readme.txt
 1 file changed, 7 insertions(+)
 create mode 100644 readme.txt
Katharines-MacBook-Air:new_project meerabhardwaj$ git log
commit 329bdcd6940645c2a9f3e91fb485072c0c3b01a8
Author: Meera Bhardwaj <meerabhardwaj@gmail.com>
Date:   Mon Apr 17 14:24:32 2017 -0700

    added and modified readme.txt

commit 3705c619730052f9ba5632ed9f71b327cd377e69
Author: Meera Bhardwaj <meerabhardwaj@gmail.com>
Date:   Mon Apr 17 14:13:37 2017 -0700

    added my favorite quote

commit 1473255992091088562305ca2f09df98216af94c
Author: Meera Bhardwaj <meerabhardwaj@gmail.com>
Date:   Mon Apr 17 14:05:59 2017 -0700

    aboutMe.txt added
Katharines-MacBook-Air:new_project meerabhardwaj$ git status
On branch master
nothing to commit, working directory clean
Katharines-MacBook-Air:new_project meerabhardwaj$ cd ~
Katharines-MacBook-Air:~ meerabhardwaj$ cd Desktop/
Katharines-MacBook-Air:Desktop meerabhardwaj$ ls
DojoAssignments
~$$.xlsx
~$Citizen University - Friday Main Stage v3.pptx
Katharines-MacBook-Air:Desktop meerabhardwaj$ cd DojoAssignments/
Katharines-MacBook-Air:DojoAssignments meerabhardwaj$ ls
MEAN		Ruby		assignments.txt	netCore
Python		WebFundamentals	iOS
Katharines-MacBook-Air:DojoAssignments meerabhardwaj$ cd WebFundamentals/
Katharines-MacBook-Air:WebFundamentals meerabhardwaj$ ls
CSS		HTML		Terminal
Git		Javascript	about.txt
Katharines-MacBook-Air:WebFundamentals meerabhardwaj$ cd Git/
Katharines-MacBook-Air:Git meerabhardwaj$ ls
about.txt	new_project
Katharines-MacBook-Air:Git meerabhardwaj$ mkdir gittest
Katharines-MacBook-Air:Git meerabhardwaj$ cd gittest/
Katharines-MacBook-Air:gittest meerabhardwaj$ git init
Initialized empty Git repository in /Users/meerabhardwaj/Desktop/DojoAssignments/WebFundamentals/Git/gittest/.git/
Katharines-MacBook-Air:gittest meerabhardwaj$ touch index.html
Katharines-MacBook-Air:gittest meerabhardwaj$ touch styles.css
Katharines-MacBook-Air:gittest meerabhardwaj$ touch aboutMe.txt
Katharines-MacBook-Air:gittest meerabhardwaj$ ls
aboutMe.txt	index.html	styles.css
Katharines-MacBook-Air:gittest meerabhardwaj$ git status
On branch master

Initial commit

Untracked files:
  (use "git add <file>..." to include in what will be committed)

	aboutMe.txt
	index.html
	styles.css

nothing added to commit but untracked files present (use "git add" to track)
Katharines-MacBook-Air:gittest meerabhardwaj$ git add .
Katharines-MacBook-Air:gittest meerabhardwaj$ git status
On branch master

Initial commit

Changes to be committed:
  (use "git rm --cached <file>..." to unstage)

	new file:   aboutMe.txt
	new file:   index.html
	new file:   styles.css

Katharines-MacBook-Air:gittest meerabhardwaj$ git commit -m "created initial files index.html, styles.css, and aboutMe.txt"
[master (root-commit) 357e6c3] created initial files index.html, styles.css, and aboutMe.txt
 3 files changed, 0 insertions(+), 0 deletions(-)
 create mode 100644 aboutMe.txt
 create mode 100644 index.html
 create mode 100644 styles.css
Katharines-MacBook-Air:gittest meerabhardwaj$ vi aboutMe.txt 
Katharines-MacBook-Air:gittest meerabhardwaj$ git status
On branch master
Changes not staged for commit:
  (use "git add <file>..." to update what will be committed)
  (use "git checkout -- <file>..." to discard changes in working directory)

	modified:   aboutMe.txt

no changes added to commit (use "git add" and/or "git commit -a")
Katharines-MacBook-Air:gittest meerabhardwaj$ git commit .
Aborting commit due to empty commit message.
Katharines-MacBook-Air:gittest meerabhardwaj$ git add .
Katharines-MacBook-Air:gittest meerabhardwaj$ git status
On branch master
Changes to be committed:
  (use "git reset HEAD <file>..." to unstage)

	modified:   aboutMe.txt

Katharines-MacBook-Air:gittest meerabhardwaj$ git commit -m "updated aboutMe"
[master 1d835a1] updated aboutMe
 1 file changed, 3 insertions(+)
Katharines-MacBook-Air:gittest meerabhardwaj$ vi aboutMe.txt 
Katharines-MacBook-Air:gittest meerabhardwaj$ git status
On branch master
Changes not staged for commit:
  (use "git add <file>..." to update what will be committed)
  (use "git checkout -- <file>..." to discard changes in working directory)

	modified:   aboutMe.txt

no changes added to commit (use "git add" and/or "git commit -a")
Katharines-MacBook-Air:gittest meerabhardwaj$ git add .
Katharines-MacBook-Air:gittest meerabhardwaj$ git commit -m "added favorite movie to about me"
[master b79a8da] added favorite movie to about me
 1 file changed, 1 insertion(+), 1 deletion(-)
Katharines-MacBook-Air:gittest meerabhardwaj$ git log
commit b79a8da1a8f02103ff2b99eedeac65a8dddc49c7
Author: Meera Bhardwaj <meerabhardwaj@gmail.com>
Date:   Mon Apr 17 14:40:07 2017 -0700

    added favorite movie to about me

commit 1d835a190b52c4a130d2d06f23a92c4d48fec576
Author: Meera Bhardwaj <meerabhardwaj@gmail.com>
Date:   Mon Apr 17 14:38:19 2017 -0700

    updated aboutMe

commit 357e6c3e83d6941fef4403fb3ab7b31ffa0490e1
Author: Meera Bhardwaj <meerabhardwaj@gmail.com>
Date:   Mon Apr 17 14:34:32 2017 -0700

    created initial files index.html, styles.css, and aboutMe.txt
Katharines-MacBook-Air:gittest meerabhardwaj$ git revert -n HEAD
Katharines-MacBook-Air:gittest meerabhardwaj$ git status
On branch master
You are currently reverting commit b79a8da.
  (all conflicts fixed: run "git revert --continue")
  (use "git revert --abort" to cancel the revert operation)

Changes to be committed:
  (use "git reset HEAD <file>..." to unstage)

	modified:   aboutMe.txt

Katharines-MacBook-Air:gittest meerabhardwaj$ git status
On branch master
You are currently reverting commit b79a8da.
  (all conflicts fixed: run "git revert --continue")
  (use "git revert --abort" to cancel the revert operation)

Changes to be committed:
  (use "git reset HEAD <file>..." to unstage)

	modified:   aboutMe.txt

Katharines-MacBook-Air:gittest meerabhardwaj$ git log
commit b79a8da1a8f02103ff2b99eedeac65a8dddc49c7
Author: Meera Bhardwaj <meerabhardwaj@gmail.com>
Date:   Mon Apr 17 14:40:07 2017 -0700

    added favorite movie to about me

commit 1d835a190b52c4a130d2d06f23a92c4d48fec576
Author: Meera Bhardwaj <meerabhardwaj@gmail.com>
Date:   Mon Apr 17 14:38:19 2017 -0700

    updated aboutMe

commit 357e6c3e83d6941fef4403fb3ab7b31ffa0490e1
Author: Meera Bhardwaj <meerabhardwaj@gmail.com>
Date:   Mon Apr 17 14:34:32 2017 -0700

    created initial files index.html, styles.css, and aboutMe.txt
Katharines-MacBook-Air:gittest meerabhardwaj$ git revert -n b79a8da
Katharines-MacBook-Air:gittest meerabhardwaj$ git status
On branch master
You are currently reverting commit b79a8da.
  (all conflicts fixed: run "git revert --continue")
  (use "git revert --abort" to cancel the revert operation)

Changes to be committed:
  (use "git reset HEAD <file>..." to unstage)

	modified:   aboutMe.txt

Katharines-MacBook-Air:gittest meerabhardwaj$ vi aboutMe.txt 
Katharines-MacBook-Air:gittest meerabhardwaj$ git commit -m "revert b79a8da"
[master 14b48ee] revert b79a8da
 1 file changed, 1 insertion(+), 1 deletion(-)
Katharines-MacBook-Air:gittest meerabhardwaj$ vi aboutMe.txt 
Katharines-MacBook-Air:gittest meerabhardwaj$ git status
On branch master
Changes not staged for commit:
  (use "git add <file>..." to update what will be committed)
  (use "git checkout -- <file>..." to discard changes in working directory)

	modified:   aboutMe.txt

no changes added to commit (use "git add" and/or "git commit -a")
Katharines-MacBook-Air:gittest meerabhardwaj$ git add .
Katharines-MacBook-Air:gittest meerabhardwaj$ git commit "added favorite book to aboutMe"
error: pathspec 'added favorite book to aboutMe' did not match any file(s) known to git.
Katharines-MacBook-Air:gittest meerabhardwaj$ git commit -m "added favorite book to aboutMe"
[master 6bbe134] added favorite book to aboutMe
 1 file changed, 1 insertion(+), 1 deletion(-)
Katharines-MacBook-Air:gittest meerabhardwaj$ git status
On branch master
nothing to commit, working directory clean
Katharines-MacBook-Air:gittest meerabhardwaj$ git log
commit 6bbe134435f7e6cf7695de75e7199f1fbb84e1be
Author: Meera Bhardwaj <meerabhardwaj@gmail.com>
Date:   Mon Apr 17 14:45:46 2017 -0700

    added favorite book to aboutMe

commit 14b48ee25dcd6d4ab105aa517d7d92961a1e3f71
Author: Meera Bhardwaj <meerabhardwaj@gmail.com>
Date:   Mon Apr 17 14:43:20 2017 -0700

    revert b79a8da

commit b79a8da1a8f02103ff2b99eedeac65a8dddc49c7
Author: Meera Bhardwaj <meerabhardwaj@gmail.com>
Date:   Mon Apr 17 14:40:07 2017 -0700

    added favorite movie to about me

commit 1d835a190b52c4a130d2d06f23a92c4d48fec576
Author: Meera Bhardwaj <meerabhardwaj@gmail.com>
Date:   Mon Apr 17 14:38:19 2017 -0700

    updated aboutMe

commit 357e6c3e83d6941fef4403fb3ab7b31ffa0490e1
Author: Meera Bhardwaj <meerabhardwaj@gmail.com>
Date:   Mon Apr 17 14:34:32 2017 -0700

    created initial files index.html, styles.css, and aboutMe.txt
